../Core/Src/main.c:85:10:MAP	24	static
../Core/Src/main.c:92:6:HAL_GPIO_EXTI_Callback	32	static
../Core/Src/main.c:110:6:HAL_TIM_PeriodElapsedCallback	16	static
../Core/Src/main.c:133:6:on	8	static
../Core/Src/main.c:159:6:off	8	static
../Core/Src/main.c:191:5:main	24	static
../Core/Src/main.c:252:6:SystemClock_Config	80	static
../Core/Src/main.c:288:13:MX_ADC_Init	24	static
../Core/Src/main.c:350:13:MX_TIM1_Init	32	static
../Core/Src/main.c:394:13:MX_DMA_Init	16	static
../Core/Src/main.c:412:13:MX_GPIO_Init	32	static
../Core/Src/main.c:459:6:Error_Handler	8	static,ignoring_inline_asm
